autotools-dev
comerr-dev
dpkg-dev
dxvk-wine32-development:i386
dxvk-wine64-development
erlang-dev
fonts-deva
fonts-deva-extra
fonts-lohit-deva
fonts-samyak-deva
guile-3.0-dev
icu-devtools
libasound2-dev
libatk-bridge2.0-dev
libatk1.0-dev
libatspi2.0-dev
libbison-dev
libblkid-dev
libboost-all-dev
libboost-atomic-dev
libboost-atomic1.71-dev
libboost-chrono-dev
libboost-chrono1.71-dev
libboost-container-dev
libboost-container1.71-dev
libboost-context-dev
libboost-context1.71-dev
libboost-coroutine-dev
libboost-coroutine1.71-dev
libboost-date-time-dev
libboost-date-time1.71-dev
libboost-dev
libboost-exception-dev
libboost-exception1.71-dev
libboost-fiber-dev
libboost-fiber1.71-dev
libboost-filesystem-dev
libboost-filesystem1.71-dev
libboost-graph-dev
libboost-graph-parallel-dev
libboost-graph-parallel1.71-dev
libboost-graph1.71-dev
libboost-iostreams-dev
libboost-iostreams1.71-dev
libboost-locale-dev
libboost-locale1.71-dev
libboost-log-dev
libboost-log1.71-dev
libboost-math-dev
libboost-math1.71-dev
libboost-mpi-dev
libboost-mpi-python-dev
libboost-mpi-python1.71-dev
libboost-mpi1.71-dev
libboost-numpy-dev
libboost-numpy1.71-dev
libboost-program-options-dev
libboost-program-options1.71-dev
libboost-python-dev
libboost-python1.71-dev
libboost-random-dev
libboost-random1.71-dev
libboost-regex-dev
libboost-regex1.71-dev
libboost-serialization-dev
libboost-serialization1.71-dev
libboost-stacktrace-dev
libboost-stacktrace1.71-dev
libboost-system-dev
libboost-system1.71-dev
libboost-test-dev
libboost-test1.71-dev
libboost-thread-dev
libboost-thread1.71-dev
libboost-timer-dev
libboost-timer1.71-dev
libboost-tools-dev
libboost-type-erasure-dev
libboost-type-erasure1.71-dev
libboost-wave-dev
libboost-wave1.71-dev
libboost1.71-dev
libboost1.71-tools-dev
libbrotli-dev
libbz2-dev
libc-dev-bin
libc6-dev
libcairo2-dev
libclang-common-10-dev
libclang-common-6.0-dev
libcoarrays-dev
libcoarrays-openmpi-dev
libcrypt-dev
libcurl4-openssl-dev
libdatrie-dev
libdbus-1-dev
libegl-dev
libegl1-mesa-dev
libepoxy-dev
libevent-dev
libexpat1-dev
libffi-dev
libfftw3-dev
libfontconfig1-dev
libfreetype-dev
libfreetype6-dev
libfribidi-dev
libgc-dev
libgcc-5-dev
libgcc-7-dev
libgcc-9-dev
libgdcm2-dev
libgdk-pixbuf2.0-dev
libgfortran-5-dev
libgfortran-7-dev
libgfortran-9-dev
libgirepository1.0-dev
libgl-dev
libgl1-mesa-dev
libgles-dev
libgles2-mesa-dev
libglew-dev
libglfw3-dev
libglib2.0-dev
libglib2.0-dev-bin
libglm-dev
libglu1-mesa-dev
libglvnd-dev
libglx-dev
libgmlib-dev
libgmp-dev
libgraphite2-dev
libgtk-3-dev
libgtk2.0-dev
libharfbuzz-dev
libhwloc-dev
libibus-1.0-dev
libibverbs-dev
libice-dev
libicu-dev
libjack-jackd2-dev
libjavascriptcoregtk-1.0-dev
libjavascriptcoregtk-3.0-dev
libjpeg-dev
libjpeg-turbo8-dev
libjpeg8-dev
libkrb5-dev
libltdl-dev
liblua5.1-0-dev
liblz4-dev
liblzma-dev
libmad0-dev
libmagic-dev
libmono-2.0-dev
libmono-cil-dev
libmonosgen-2.0-dev
libmount-dev
libmysqlclient-dev
libncurses-dev
libncurses5-dev
libncursesw5-dev
libnl-3-dev
libnl-route-3-dev
libnuma-dev
libobjc-9-dev
libomp-10-dev
libomp-dev
libopengl-dev
libopenmpi-dev
libpam0g-dev
libpango1.0-dev
libpcap-dev
libpcap0.8-dev
libpcre2-dev
libpcre3-dev
libpixman-1-dev
libpng-dev
libpoppler-dev
libpoppler-glib-dev
libpoppler-private-dev
libportmidi-dev
libpq-dev
libpsl-dev
libpthread-stubs0-dev
libpulse-dev
libpython3-dev
libpython3.8-dev
libqt5opengl5-dev
libreadline-dev
libsasl2-dev
libsdl2-dev
libsdl2-image-dev
libsdl2-mixer-dev
libsdl2-ttf-dev
libselinux1-dev
libsepol1-dev
libsm-dev
libsnappy-dev
libsndio-dev
libsoup2.4-dev
libsqlite3-dev
libssl-dev
libstartup-notification0-dev
libstdc++-5-dev
libstdc++-9-dev
libstfl-dev
libsubunit-dev
libthai-dev
libtinfo-dev
libudev-dev
libvulkan-dev
libwayland-dev
libwebkitgtk-3.0-dev
libwebkitgtk-dev
libwine-development
libwine-development:i386
libwxbase3.0-dev
libwxgtk-webview3.0-gtk3-dev
libwxgtk3.0-gtk3-dev
libx11-dev
libxau-dev
libxcb-cursor-dev
libxcb-ewmh-dev
libxcb-icccm4-dev
libxcb-image0-dev
libxcb-render-util0-dev
libxcb-render0-dev
libxcb-shm0-dev
libxcb-util-dev
libxcb-util0-dev
libxcb-xinerama0-dev
libxcb-xkb-dev
libxcb-xrm-dev
libxcb1-dev
libxcomposite-dev
libxcursor-dev
libxdamage-dev
libxdmcp-dev
libxext-dev
libxfixes-dev
libxft-dev
libxi-dev
libxinerama-dev
libxkbcommon-dev
libxkbcommon-x11-dev
libxml2-dev
libxrandr-dev
libxrender-dev
libxss-dev
libxt-dev
libxtst-dev
libxv-dev
libxxf86vm-dev
libz3-dev
libzstd-dev
linux-libc-dev
llvm-10-dev
llvm-6.0-dev
lzma-dev
manpages-dev
mono-devel
mpi-default-dev
portaudio19-dev
python3-dev
qtbase5-dev
qtbase5-dev-tools
rofi-dev
unixodbc-dev
uuid-dev
x11proto-core-dev
x11proto-dev
x11proto-input-dev
x11proto-randr-dev
x11proto-record-dev
x11proto-scrnsaver-dev
x11proto-xext-dev
x11proto-xf86vidmode-dev
x11proto-xinerama-dev
xtrans-dev
zlib1g-dev
